── Attaching core tidyverse packages ──────────────────────── tidyverse 2.0.0 ──
✔ dplyr     1.1.4     ✔ readr     2.1.6
✔ forcats   1.0.1     ✔ stringr   1.6.0
✔ ggplot2   4.0.1     ✔ tibble    3.3.0
✔ lubridate 1.9.4     ✔ tidyr     1.3.2
✔ purrr     1.2.0     
── Conflicts ────────────────────────────────────────── tidyverse_conflicts() ──
✖ dplyr::filter() masks stats::filter()
✖ dplyr::lag()    masks stats::lag()
ℹ Use the conflicted package (<http://conflicted.r-lib.org/>) to force all conflicts to become errors

=== BUILDING PRIMARY PANEL: LSC County-Month ===
LSC County Panel:
  States: 32 
  Counties: 1384 
  Time periods: 16801 to 20332 
  Observations: 116535 
  Treated obs: 55680 

=== BUILDING SUPPLEMENTAL PANEL: ETS State-Month ===
ETS State Panel:
  States: 10 
  Time periods: 18262 to 20393 
  Observations: 708 
  Treated obs: 141 

=== DATA COMPLEMENTARITY ===
States in BOTH datasets ( 7 ):
   virginia, pennsylvania, connecticut, delaware, wisconsin, indiana, minnesota 

States ONLY in LSC ( 25 ):
   kentucky, newyork, colorado, newhampshire, maine, hawaii, northcarolina, ohio, oklahoma, southcarolina, florida, georgia, arizona, vermont, tennessee, westvirginia, idaho, montana, arkansas, alaska, utah, northdakota, texas, mississippi, kansas 

States ONLY in ETS ( 3 ):
   missouri, newmexico, rhodeisland 


========================================
ANALYSIS 1: COUNTY-LEVEL PANEL (LSC)
========================================

NOTE: 4/0 fixed-effect singletons were removed (4 observations).
Warning message:
The VCOV matrix is not positive semi-definite and was 'fixed' (see ?vcov). 
Sun-Abraham Results (County-Level):
OLS estimation, Dep. Var.: y_log1p
Observations: 116,531
Weights: renter_occupied_housing_units
Fixed-effects: fips: 1,380,  ym: 117
Standard-errors: Clustered (state_key) 
         Estimate Std. Error    t value   Pr(>|t|)    
ym::-84  0.138567   0.056122   2.469032 1.9262e-02 *  
ym::-83  0.042327   0.063785   0.663581 5.1186e-01    
ym::-82  0.146480   0.075888   1.930216 6.2773e-02 .  
ym::-81  0.162305   0.066911   2.425693 2.1294e-02 *  
ym::-80  0.163586   0.059738   2.738397 1.0139e-02 *  
ym::-79  0.134168   0.052167   2.571888 1.5130e-02 *  
ym::-78  0.150096   0.059363   2.528444 1.6764e-02 *  
ym::-77  0.172246   0.053561   3.215864 3.0369e-03 ** 
ym::-76  0.213777   0.044477   4.806467 3.7376e-05 ***
ym::-75  0.128182   0.048628   2.635942 1.2988e-02 *  
ym::-74 -0.245955   0.058528  -4.202380 2.0751e-04 ***
ym::-73 -0.070439   0.057125  -1.233069 2.2682e-01    
ym::-72 -0.159183   0.059755  -2.663946 1.2143e-02 *  
ym::-71 -0.139509   0.060633  -2.300896 2.8286e-02 *  
ym::-70 -0.104684   0.066985  -1.562800 1.2825e-01    
ym::-69 -0.616792   0.046679 -13.213366 2.8211e-14 ***
ym::-68 -0.286969   0.054719  -5.244374 1.0657e-05 ***
ym::-67  0.097914   0.052817   1.853833 7.3300e-02 .  
ym::-66  0.020717   0.056570   0.366221 7.1669e-01    
ym::-65  0.063129   0.057815   1.091909 2.8329e-01    
ym::-64  0.078588   0.059144   1.328756 1.9363e-01    
ym::-63  0.082331   0.045868   1.794945 8.2419e-02 .  
ym::-62  0.062233   0.049526   1.256575 2.1829e-01    
ym::-61  0.077603   0.049674   1.562243 1.2838e-01    
ym::-60  0.372720   0.092520   4.028531 3.3743e-04 ***
ym::-59  0.412195   0.092387   4.461606 9.9825e-05 ***
ym::-58  0.309564   0.100709   3.073838 4.3820e-03 ** 
ym::-57  0.315396   0.103322   3.052570 4.6268e-03 ** 
ym::-56  0.263285   0.105739   2.489951 1.8346e-02 *  
ym::-55  0.268613   0.104105   2.580213 1.4835e-02 *  
ym::-54  0.257669   0.106361   2.422600 2.1446e-02 *  
ym::-53  0.283624   0.102727   2.760959 9.5950e-03 ** 
ym::-52  0.276345   0.102393   2.698853 1.1161e-02 *  
ym::-51  0.289795   0.103430   2.801854 8.6784e-03 ** 
ym::-50  0.285433   0.102091   2.795864 8.8073e-03 ** 
ym::-49  0.329341   0.106479   3.092999 4.1721e-03 ** 
ym::-48  0.277542   0.105272   2.636413 1.2974e-02 *  
ym::-47  0.315300   0.100107   3.149612 3.6062e-03 ** 
ym::-46  0.285657   0.103561   2.758345 9.6566e-03 ** 
ym::-45  0.216625   0.090794   2.385900 2.3330e-02 *  
ym::-44  0.211676   0.089175   2.373718 2.3988e-02 *  
ym::-43  0.181661   0.089144   2.037836 5.0177e-02 .  
ym::-42  0.215645   0.090587   2.380527 2.3619e-02 *  
ym::-41  0.191745   0.085511   2.242340 3.2233e-02 *  
ym::-40  0.186601   0.068721   2.715350 1.0724e-02 *  
ym::-39  0.184035   0.055826   3.296592 2.4589e-03 ** 
ym::-38  0.180365   0.062791   2.872442 7.2867e-03 ** 
ym::-37  0.182774   0.059583   3.067546 4.4531e-03 ** 
ym::-36  0.447137   0.057575   7.766143 9.2074e-09 ***
ym::-35  0.427387   0.058553   7.299152 3.2549e-08 ***
ym::-34  0.469445   0.056986   8.237965 2.6402e-09 ***
ym::-33  0.421105   0.057009   7.386679 2.5640e-08 ***
ym::-32  0.354129   0.057618   6.146157 8.1011e-07 ***
ym::-31  0.349001   0.057187   6.102806 9.1616e-07 ***
ym::-30  0.141397   0.060712   2.328971 2.6553e-02 *  
ym::-29  0.300349   0.045796   6.558355 2.5322e-07 ***
ym::-28  0.300457   0.050850   5.908724 1.5914e-06 ***
ym::-27  0.336864   0.047413   7.104828 5.5450e-08 ***
ym::-26  0.347359   0.047837   7.261348 3.6092e-08 ***
ym::-25  0.341219   0.052834   6.458321 3.3537e-07 ***
ym::-24  0.361632   0.045792   7.897239 6.4894e-09 ***
ym::-23  0.400942   0.044919   8.925849 4.4950e-10 ***
ym::-22  0.392773   0.037322  10.523796 9.3372e-12 ***
ym::-21 -0.866816   0.043441 -19.953773  < 2.2e-16 ***
ym::-20 -0.284306   0.054153  -5.250059 1.0485e-05 ***
ym::-19 -1.187390   0.045223 -26.256375  < 2.2e-16 ***
ym::-18 -0.025072   0.068936  -0.363706 7.1855e-01    
ym::-17  0.155944   0.043506   3.584438 1.1418e-03 ** 
ym::-16  0.157974   0.038145   4.141467 2.4616e-04 ***
ym::-15  0.287780   0.031602   9.106322 2.8539e-10 ***
ym::-14  0.334566   0.031505  10.619510 7.4818e-12 ***
ym::-13  0.319291   0.035965   8.877882 5.0756e-10 ***
ym::-12 -0.412692   0.023161 -17.818499  < 2.2e-16 ***
ym::-11 -0.118308   0.029390  -4.025447 3.4034e-04 ***
ym::-10  0.073552   0.022354   3.290310 2.4998e-03 ** 
ym::-9   0.242181   0.030978   7.817950 8.0165e-09 ***
ym::-8   0.200364   0.027108   7.391387 2.5314e-08 ***
ym::-7   0.222399   0.024886   8.936716 4.3732e-10 ***
ym::-6   0.214721   0.028856   7.441243 2.2106e-08 ***
ym::-5   0.209768   0.015095  13.896276 7.3631e-15 ***
ym::-4  -0.006733   0.023399  -0.287770 7.7544e-01    
ym::-3   0.064299   0.014403   4.464174 9.9101e-05 ***
ym::0   -0.049160   0.023290  -2.110794 4.2956e-02 *  
ym::1    0.182617   0.036034   5.067942 1.7677e-05 ***
ym::2    0.294408   0.038304   7.686173 1.1409e-08 ***
ym::3    0.272596   0.026972  10.106670 2.4859e-11 ***
ym::4    0.260477   0.035114   7.417975 2.3549e-08 ***
ym::5    0.225793   0.031552   7.156185 4.8149e-08 ***
ym::6    0.170622   0.038594   4.420966 1.1201e-04 ***
ym::7    0.117257   0.033342   3.516822 1.3698e-03 ** 
ym::8    0.169458   0.041156   4.117457 2.6327e-04 ***
ym::9    0.173566   0.042055   4.127094 2.5627e-04 ***
ym::10   0.287657   0.026637  10.799290 4.9505e-12 ***
ym::11   0.254344   0.034961   7.275057 3.4764e-08 ***
ym::12   0.132260   0.030777   4.297320 1.5886e-04 ***
ym::13   0.118892   0.043426   2.737788 1.0154e-02 *  
ym::14   0.174397   0.040920   4.261925 1.7552e-04 ***
ym::15   0.134539   0.029844   4.508023 8.7505e-05 ***
ym::16   0.362597   0.019067  19.017451  < 2.2e-16 ***
ym::17   0.314272   0.039093   8.039088 4.4549e-09 ***
ym::18   0.315721   0.048500   6.509721 2.9025e-07 ***
ym::19   0.345955   0.053682   6.444512 3.4866e-07 ***
ym::20   0.342609   0.056332   6.082008 9.7190e-07 ***
ym::21   0.380927   0.059301   6.423597 3.6980e-07 ***
ym::22   0.424356   0.079598   5.331215 8.3073e-06 ***
ym::23   0.362534   0.077527   4.676239 5.4213e-05 ***
ym::24   0.319059   0.080038   3.986361 3.7942e-04 ***
ym::25   0.291226   0.057355   5.077611 1.7194e-05 ***
ym::26   0.367580   0.052245   7.035695 6.7086e-08 ***
ym::27   0.320500   0.059190   5.414812 6.5364e-06 ***
ym::28   0.319034   0.032973   9.675744 7.0001e-11 ***
ym::29   0.218147   0.065645   3.323149 2.2930e-03 ** 
ym::30   0.287850   0.064509   4.462186 9.9661e-05 ***
ym::31   0.304345   0.063475   4.794695 3.8655e-05 ***
ym::32   0.302988   0.072451   4.181957 2.1975e-04 ***
ym::33   0.300078   0.085397   3.513927 1.3805e-03 ** 
ym::34   0.332714   0.086338   3.853639 5.4775e-04 ***
ym::35   0.314670   0.090894   3.461935 1.5867e-03 ** 
ym::36   0.305971   0.090663   3.374823 2.0004e-03 ** 
ym::37   0.264270   0.089341   2.957994 5.8811e-03 ** 
ym::38   0.315710   0.087683   3.600595 1.0931e-03 ** 
ym::39   0.359525   0.088843   4.046748 3.2074e-04 ***
ym::40   0.290801   0.075358   3.858946 5.3980e-04 ***
ym::41   0.282264   0.082333   3.428330 1.7354e-03 ** 
ym::42   0.166610   0.080055   2.081195 4.5767e-02 *  
ym::43   0.187605   0.086826   2.160700 3.8562e-02 *  
ym::44   0.061147   0.094777   0.645173 5.2356e-01    
ym::45   0.033695   0.089452   0.376683 7.0898e-01    
ym::46  -0.000336   0.084270  -0.003992 9.9684e-01    
ym::47  -0.043249   0.094787  -0.456275 6.5137e-01    
ym::48   0.000980   0.093757   0.010456 9.9172e-01    
ym::49   0.149041   0.110485   1.348977 1.8712e-01    
ym::50   0.186263   0.116623   1.597133 1.2038e-01    
ym::51   0.211166   0.113549   1.859696 7.2442e-02 .  
ym::52   0.145791   0.106816   1.364890 1.8211e-01    
ym::53   0.130893   0.107652   1.215895 2.3320e-01    
ym::54   0.217780   0.118535   1.837272 7.5773e-02 .  
ym::55   0.247578   0.103836   2.384315 2.3415e-02 *  
ym::56   0.189421   0.121398   1.560325 1.2884e-01    
ym::57  -0.105139   0.081806  -1.285219 2.0824e-01    
ym::58  -0.164740   0.073857  -2.230529 3.3087e-02 *  
ym::59  -0.069929   0.064558  -1.083190 2.8708e-01    
ym::60   0.024897   0.039881   0.624271 5.3702e-01    
ym::61  -0.083444   0.070798  -1.178617 2.4752e-01    
ym::62  -0.075417   0.067411  -1.118764 2.7184e-01    
ym::63  -0.105002   0.072003  -1.458301 1.5482e-01    
ym::64  -0.083765   0.077511  -1.080686 2.8817e-01    
ym::65  -0.062857   0.072110  -0.871690 3.9008e-01    
ym::66  -0.073433   0.069826  -1.051660 3.0108e-01    
ym::67  -0.064762   0.075760  -0.854835 3.9920e-01    
ym::68  -0.086254   0.076608  -1.125911 2.6884e-01    
ym::69  -0.087330   0.069022  -1.265250 2.1521e-01    
ym::70  -0.105400   0.077868  -1.353578 1.8566e-01    
ym::71  -0.109737   0.071845  -1.527408 1.3680e-01    
ym::72  -0.106239   0.086857  -1.223154 2.3049e-01    
ym::73  -0.126807   0.087568  -1.448103 1.5763e-01    
ym::74  -0.127267   0.081738  -1.556999 1.2962e-01    
ym::75  -0.225898   0.084300  -2.679702 1.1691e-02 *  
ym::76  -0.216614   0.094940  -2.281590 2.9536e-02 *  
ym::77  -0.329646   0.078144  -4.218436 1.9836e-04 ***
ym::78  -0.319480   0.078610  -4.064119 3.0557e-04 ***
ym::79  -0.226759   0.080862  -2.804280 8.6267e-03 ** 
ym::80  -0.057643   0.076341  -0.755075 4.5590e-01    
ym::81  -0.189570   0.085198  -2.225052 3.3490e-02 *  
ym::82  -0.235305   0.082283  -2.859706 7.5212e-03 ** 
ym::83  -0.255627   0.079911  -3.198895 3.1739e-03 ** 
ym::84  -0.215083   0.082549  -2.605501 1.3969e-02 *  
ym::85  -0.350060   0.096170  -3.639992 9.8243e-04 ***
---
Signif. codes:  0 '***' 0.001 '**' 0.01 '*' 0.05 '.' 0.1 ' ' 1
RMSE: 0.331485     Adj. R2: 0.971081
                 Within R2: 0.483854
null device 
          1 

Plot saved: Combined_County_Panel.jpeg

========================================
ANALYSIS 2: STATE-LEVEL PANEL (ETS)
Includes 3 additional states not in LSC
========================================

Warning message:
The VCOV matrix is not positive semi-definite and was 'fixed' (see ?vcov). 
Sun-Abraham Results (State-Level):
OLS estimation, Dep. Var.: y_log1p
Observations: 708
Fixed-effects: state_id: 10,  ym: 71
Standard-errors: Clustered (state_key) 
         Estimate Std. Error   t value   Pr(>|t|)    
ym::-21  0.230530   0.067080  3.436630 7.4300e-03 ** 
ym::-20  0.290569   0.081549  3.563119 6.0895e-03 ** 
ym::-19  0.743522   0.119598  6.216840 1.5569e-04 ***
ym::-18  1.602761   0.667017  2.402879 3.9710e-02 *  
ym::-17 -0.784570   0.689599 -1.137719 2.8462e-01    
ym::-16 -2.106624   0.506250 -4.161231 2.4432e-03 ** 
ym::-15 -0.808122   0.351628 -2.298232 4.7136e-02 *  
ym::-14 -1.257353   0.313083 -4.016033 3.0361e-03 ** 
ym::-13 -1.127026   0.261110 -4.316287 1.9437e-03 ** 
ym::-12  0.161102   0.052487  3.069351 1.3368e-02 *  
ym::-11  0.381282   0.062319  6.118187 1.7534e-04 ***
ym::-10  0.429185   0.062274  6.891886 7.1312e-05 ***
ym::-9   0.841774   0.366705  2.295507 4.7346e-02 *  
ym::-8   1.026889   0.363538  2.824710 1.9893e-02 *  
ym::-7   0.468190   0.249197  1.878792 9.2985e-02 .  
ym::-6   0.798990   0.171386  4.661943 1.1820e-03 ** 
ym::-5   0.490134   0.162450  3.017138 1.4547e-02 *  
ym::-4   0.602879   0.130128  4.632956 1.2315e-03 ** 
ym::-3   0.370293   0.053905  6.869338 7.3132e-05 ***
ym::0   -0.007262   0.049147 -0.147756 8.8579e-01    
ym::1    0.246625   0.054910  4.491447 1.5074e-03 ** 
ym::2    0.396097   0.044400  8.921151 9.1748e-06 ***
ym::3    0.333142   0.051280  6.496509 1.1190e-04 ***
ym::4    0.264526   0.060970  4.338601 1.8813e-03 ** 
ym::5    0.630564   0.065641  9.606316 4.9936e-06 ***
ym::6    0.580740   0.133576  4.347632 1.8567e-03 ** 
ym::7    0.523921   0.159034  3.294404 9.3127e-03 ** 
ym::8    0.196529   0.177449  1.107524 2.9679e-01    
ym::9    0.236788   0.192962  1.227120 2.5091e-01    
ym::10   0.263534   0.169630  1.553582 1.5470e-01    
ym::11   0.231354   0.177655  1.302262 2.2516e-01    
ym::12   0.233435   0.170286  1.370847 2.0364e-01    
ym::13   0.307823   0.176756  1.741517 1.1558e-01    
ym::14   0.380715   0.211821  1.797344 1.0583e-01    
ym::15   0.261805   0.224365  1.166869 2.7325e-01    
ym::16   0.310485   0.224275  1.384398 1.9959e-01    
ym::17   0.386096   0.234749  1.644715 1.3444e-01    
ym::18   0.548941   0.242811  2.260770 5.0114e-02 .  
ym::19   0.533999   0.217548  2.454629 3.6479e-02 *  
ym::20   0.602681   0.208860  2.885578 1.8014e-02 *  
ym::21   0.588408   0.204265  2.880620 1.8160e-02 *  
ym::22   0.584214   0.189806  3.077947 1.3184e-02 *  
ym::23   0.605139   0.222158  2.723908 2.3457e-02 *  
ym::24   0.576671   0.205328  2.808540 2.0426e-02 *  
ym::25   0.590313   0.203657  2.898564 1.7637e-02 *  
ym::26   0.620377   0.230474  2.691748 2.4726e-02 *  
ym::27   0.574206   0.172599  3.326824 8.8437e-03 ** 
ym::28   0.520509   0.210298  2.475096 3.5274e-02 *  
ym::29   0.608702   0.208593  2.918129 1.7084e-02 *  
ym::30   0.625935   0.197942  3.162213 1.1509e-02 *  
ym::31   0.506814   0.186213  2.721685 2.3543e-02 *  
ym::32   0.600212   0.198275  3.027163 1.4312e-02 *  
ym::33   0.576105   0.187668  3.069816 1.3358e-02 *  
ym::34   0.553654   0.194251  2.850197 1.9083e-02 *  
ym::35   0.675088   0.222839  3.029482 1.4259e-02 *  
ym::36   0.706017   0.166396  4.243004 2.1647e-03 ** 
ym::37   0.703617   0.222461  3.162882 1.1497e-02 *  
ym::38   0.685354   0.228775  2.995753 1.5060e-02 *  
ym::39   0.550635   0.215306  2.557454 3.0816e-02 *  
ym::40   0.597973   0.210347  2.842799 1.9315e-02 *  
ym::41   0.729004   0.186217  3.914814 3.5388e-03 ** 
ym::42   0.523055   0.188116  2.780494 2.1383e-02 *  
ym::43   0.527796   0.195015  2.706433 2.4138e-02 *  
ym::44   0.541897   0.194938  2.779844 2.1406e-02 *  
ym::45   0.550810   0.222245  2.478391 3.5084e-02 *  
ym::46   0.636144   0.230886  2.755228 2.2285e-02 *  
ym::47   0.583679   0.237885  2.453618 3.6539e-02 *  
ym::48  -0.275199   0.314580 -0.874815 4.0442e-01    
ym::49   0.770919   0.334014  2.308045 4.6385e-02 *  
ym::50   0.981187   0.292396  3.355684 8.4469e-03 ** 
ym::51   0.804486   0.295102  2.726131 2.3372e-02 *  
ym::52   0.954682   0.277448  3.440939 7.3796e-03 ** 
ym::53   0.834290   0.288291  2.893920 1.7770e-02 *  
ym::54   0.853400   0.310897  2.744956 2.2663e-02 *  
ym::55   0.842621   0.302678  2.783891 2.1265e-02 *  
ym::56   0.830668   0.321515  2.583608 2.9521e-02 *  
ym::57   1.172162   0.524126  2.236412 5.2148e-02 .  
ym::58   0.623820   0.891198  0.699979 5.0163e-01    
---
Signif. codes:  0 '***' 0.001 '**' 0.01 '*' 0.05 '.' 0.1 ' ' 1
RMSE: 0.40751     Adj. R2: 0.8423  
                Within R2: 0.201332
null device 
          1 

Plot saved: Combined_State_Panel.jpeg

========================================
ANALYSIS 3: ROBUSTNESS CHECK
Compare LSC vs ETS in overlap states
========================================

Warning message:
The VCOV matrix is not positive semi-definite and was 'fixed' (see ?vcov). 
Warning message:
The VCOV matrix is not positive semi-definite and was 'fixed' (see ?vcov). 
Overlap Period Comparison ( 7  states,  2020-01-01  to  2025-09-01 ):

LSC (aggregated to state-month):
OLS estimation, Dep. Var.: y_log1p
Observations: 449
Fixed-effects: state_id: 7,  ym: 69
Standard-errors: Clustered (state_key) 
         Estimate Std. Error   t value  Pr(>|t|)    
ym::-21  0.388328   0.167018  2.325064 0.0590383 .  
ym::-20  0.138971   0.160906  0.863678 0.4209439    
ym::-19  0.476653   0.158990  2.998004 0.0240701 *  
ym::-18  1.312453   0.582380  2.253601 0.0651181 .  
ym::-17 -0.858251   0.499952 -1.716666 0.1368534    
ym::-16 -1.764241   0.365466 -4.827373 0.0029181 ** 
ym::-15 -0.361000   0.376647 -0.958459 0.3748432    
ym::-14 -0.929390   0.506498 -1.834932 0.1161913    
ym::-13 -0.955814   0.504961 -1.892846 0.1072282    
ym::-12  0.077279   0.109483  0.705852 0.5067474    
ym::-11  0.305226   0.095083  3.210109 0.0183645 *  
ym::-10  0.482857   0.108920  4.433133 0.0044082 ** 
ym::-9   0.980289   0.359329  2.728114 0.0342716 *  
ym::-8   1.173587   0.296792  3.954249 0.0075010 ** 
ym::-7   0.895303   0.209002  4.283712 0.0051845 ** 
ym::-6   1.011141   0.208514  4.849260 0.0028538 ** 
ym::-5   0.578244   0.229436  2.520281 0.0452699 *  
ym::-4   0.515673   0.192436  2.679717 0.0365499 *  
ym::-3   0.267153   0.040055  6.669662 0.0005498 ***
ym::0   -0.074729   0.112417 -0.664750 0.5309147    
ym::1    0.112266   0.099086  1.133020 0.3004411    
ym::2    0.318190   0.080116  3.971623 0.0073533 ** 
ym::3    0.233586   0.138155  1.690747 0.1418396    
ym::4    0.175286   0.148526  1.180171 0.2825968    
ym::5    0.582811   0.163381  3.567192 0.0118241 *  
ym::6    0.507543   0.270392  1.877059 0.1096010    
ym::7    0.430495   0.312707  1.376673 0.2177767    
ym::8    0.095133   0.356078  0.267168 0.7982853    
ym::9    0.149005   0.386880  0.385144 0.7134141    
ym::10   0.183773   0.332526  0.552657 0.6004656    
ym::11   0.144389   0.327315  0.441131 0.6745699    
ym::12   0.174075   0.350704  0.496358 0.6372989    
ym::13   0.232592   0.348628  0.667164 0.5294754    
ym::14   0.269709   0.404880  0.666146 0.5300822    
ym::15   0.151872   0.428375  0.354531 0.7350686    
ym::16   0.209537   0.426112  0.491742 0.6403722    
ym::17   0.312501   0.466253  0.670239 0.5276449    
ym::18   0.454349   0.470896  0.964861 0.3718762    
ym::19   0.443645   0.412200  1.076287 0.3231599    
ym::20   0.519100   0.405736  1.279404 0.2480007    
ym::21   0.523372   0.407241  1.285165 0.2461116    
ym::22   0.525596   0.382300  1.374826 0.2183182    
ym::23   0.521899   0.411483  1.268339 0.2516651    
ym::24   0.548476   0.403713  1.358578 0.2231349    
ym::25   0.538846   0.412177  1.307317 0.2389653    
ym::26   0.570184   0.437614  1.302938 0.2403631    
ym::27   0.724473   0.361298  2.005192 0.0917638 .  
ym::28   0.503132   0.399260  1.260162 0.2544039    
ym::29   0.572287   0.393883  1.452937 0.1964581    
ym::30   0.591541   0.371746  1.591248 0.1626586    
ym::31   0.490522   0.371188  1.321490 0.2344909    
ym::32   0.550486   0.358799  1.534247 0.1758662    
ym::33   0.582345   0.376975  1.544783 0.1733512    
ym::34   0.533234   0.382988  1.392297 0.2132441    
ym::35   0.620488   0.393290  1.577686 0.1657131    
ym::36   0.797574   0.315572  2.527395 0.0448371 *  
ym::37   0.643066   0.389554  1.650776 0.1498755    
ym::38   0.681849   0.407973  1.671310 0.1456939    
ym::39   0.562965   0.391838  1.436729 0.2008216    
ym::40   0.572681   0.350348  1.634607 0.1532492    
ym::41   0.737056   0.331600  2.222728 0.0679424 .  
ym::42   0.562827   0.364901  1.542412 0.1739141    
ym::43   0.593810   0.374707  1.584730 0.1641199    
ym::44   0.632850   0.364643  1.735532 0.1333314    
ym::45   0.379835   0.378829  1.002656 0.3547340    
ym::46   0.629320   0.588674  1.069047 0.3261593    
ym::47   0.555917   0.619162  0.897853 0.4038515    
ym::48   0.746003   0.623684  1.196123 0.2767680    
ym::49   0.463558   0.545989  0.849025 0.4284358    
ym::50   0.714963   0.539409  1.325456 0.2332522    
ym::51   0.575146   0.575968  0.998572 0.3565556    
ym::52   0.654775   0.587084  1.115301 0.3073890    
ym::53   0.513446   0.580388  0.884660 0.4103869    
ym::54   0.597602   0.612805  0.975191 0.3671271    
ym::55   0.598902   0.664190  0.901704 0.4019588    
ym::56   0.570552   0.779990  0.731486 0.4920508    
---
Signif. codes:  0 '***' 0.001 '**' 0.01 '*' 0.05 '.' 0.1 ' ' 1
RMSE: 0.27917     Adj. R2: 0.918673
                Within R2: 0.426847

ETS (direct state-month):
OLS estimation, Dep. Var.: y_log1p
Observations: 483
Fixed-effects: state_id: 7,  ym: 69
Standard-errors: Clustered (state_key) 
         Estimate Std. Error   t value   Pr(>|t|)    
ym::-21  0.203474   0.086961  2.339827 0.05785761 .  
ym::-20  0.229500   0.106949  2.145875 0.07553517 .  
ym::-19  0.788420   0.125894  6.262550 0.00076952 ***
ym::-18  1.970867   0.446689  4.412171 0.00450880 ** 
ym::-17 -0.598830   0.570108 -1.050379 0.33399785    
ym::-16 -1.645173   0.770943 -2.133975 0.07678659 .  
ym::-15 -0.515643   0.558754 -0.922846 0.39168727    
ym::-14 -1.039361   0.518342 -2.005163 0.09176750 .  
ym::-13 -1.064140   0.466318 -2.282002 0.06262741 .  
ym::-12  0.140925   0.048835  2.885735 0.02784826 *  
ym::-11  0.348210   0.082935  4.198586 0.00569473 ** 
ym::-10  0.454172   0.083454  5.442176 0.00159909 ** 
ym::-9   1.045776   0.243977  4.286367 0.00516940 ** 
ym::-8   1.104630   0.275838  4.004627 0.00708156 ** 
ym::-7   0.709836   0.368190  1.927907 0.10214016    
ym::-6   0.938781   0.270529  3.470165 0.01330112 *  
ym::-5   0.637478   0.243806  2.614692 0.03986881 *  
ym::-4   0.676235   0.219301  3.083597 0.02156361 *  
ym::-3   0.401059   0.072645  5.520823 0.00148579 ** 
ym::0   -0.007210   0.052214 -0.138082 0.89469298    
ym::1    0.210370   0.053139  3.958872 0.00746139 ** 
ym::2    0.356410   0.045886  7.767218 0.00023960 ***
ym::3    0.299212   0.067887  4.407482 0.00453165 ** 
ym::4    0.264175   0.083054  3.180744 0.01905794 *  
ym::5    0.624135   0.100852  6.188602 0.00081946 ***
ym::6    0.523470   0.224240  2.334424 0.05828682 .  
ym::7    0.442800   0.261379  1.694095 0.14118574    
ym::8    0.091140   0.301874  0.301914 0.77290874    
ym::9    0.125628   0.323652  0.388157 0.71129808    
ym::10   0.166098   0.284392  0.584047 0.58046718    
ym::11   0.088813   0.280321  0.316824 0.76211065    
ym::12   0.145609   0.293165  0.496679 0.63708587    
ym::13   0.200445   0.292546  0.685174 0.51881378    
ym::14   0.245371   0.353222  0.694664 0.51325259    
ym::15   0.137651   0.379892  0.362343 0.72951620    
ym::16   0.187969   0.373114  0.503786 0.63237037    
ym::17   0.287492   0.408677  0.703470 0.50812805    
ym::18   0.434264   0.411978  1.054095 0.33242505    
ym::19   0.426032   0.366932  1.161064 0.28971583    
ym::20   0.484648   0.352763  1.373863 0.21860105    
ym::21   0.491499   0.351531  1.398167 0.21156366    
ym::22   0.497697   0.322932  1.541180 0.17420738    
ym::23   0.471814   0.360159  1.310016 0.23810742    
ym::24   0.500549   0.356589  1.403713 0.20998690    
ym::25   0.496973   0.348405  1.426425 0.20364170    
ym::26   0.517788   0.384933  1.345141 0.22719090    
ym::27   0.518790   0.299199  1.733928 0.13362736    
ym::28   0.426185   0.358535  1.188683 0.27947354    
ym::29   0.508469   0.357727  1.421390 0.20503307    
ym::30   0.511755   0.326023  1.569689 0.16753960    
ym::31   0.421732   0.316610  1.332021 0.23121481    
ym::32   0.482658   0.313449  1.539832 0.17452870    
ym::33   0.505264   0.326478  1.547622 0.17267924    
ym::34   0.468860   0.332129  1.411679 0.20774114    
ym::35   0.558039   0.361799  1.542402 0.17391658    
ym::36   0.601339   0.257245  2.337618 0.05803274 .  
ym::37   0.576472   0.359735  1.602493 0.16016682    
ym::38   0.582178   0.391917  1.485462 0.18796544    
ym::39   0.439506   0.363188  1.210132 0.27173502    
ym::40   0.471622   0.347519  1.357111 0.22357450    
ym::41   0.624655   0.309080  2.021015 0.08977407 .  
ym::42   0.423204   0.317864  1.331400 0.23140694    
ym::43   0.420018   0.323802  1.297144 0.24222398    
ym::44   0.426704   0.322989  1.321109 0.23461030    
ym::45   0.394398   0.343603  1.147830 0.29473611    
ym::46   0.496577   0.368848  1.346291 0.22684116    
ym::47   0.498404   0.411378  1.211548 0.27123072    
ym::48   0.839070   0.564674  1.485937 0.18784381    
ym::49   0.566660   0.546091  1.037666 0.33942328    
ym::50   0.828904   0.494105  1.677587 0.14443824    
ym::51   0.653161   0.495450  1.318320 0.23548510    
ym::52   0.787864   0.458440  1.718576 0.13649264    
ym::53   0.636216   0.461876  1.377463 0.21754547    
ym::54   0.685929   0.527414  1.300551 0.24112814    
ym::55   0.692442   0.515776  1.342525 0.22798812    
ym::56   0.718206   0.561394  1.279326 0.24802640    
---
Signif. codes:  0 '***' 0.001 '**' 0.01 '*' 0.05 '.' 0.1 ' ' 1
RMSE: 0.325967     Adj. R2: 0.872594
                 Within R2: 0.312992

========================================
SUMMARY: WHY USE BOTH DATASETS
========================================

# A tibble: 3 × 6
  Dataset          States `Geographic Units` `Time Span` Observations `Best For`
  <chr>             <int> <chr>              <chr>              <int> <chr>     
1 LSC (County-Mon…     32 1384               2016-2025 …       116535 Primary a…
2 ETS (State-Mont…     10 10                 2020-2025 …          708 Adds MO, …
3 Combined Strate…     35 County + State     2016-2025         117243 Maximum c…


RECOMMENDATION:
1. PRIMARY: Use LSC county-month panel (most power, longest time series)
2. SUPPLEMENTAL: Report ETS results for Missouri, New Mexico, Rhode Island
3. ROBUSTNESS: Compare LSC vs ETS in overlap states as validation

Both datasets are complementary - LSC gives you statistical power,
ETS gives you additional state coverage!

=== Analysis Complete ===
