── Attaching core tidyverse packages ──────────────────────── tidyverse 2.0.0 ──
✔ dplyr     1.1.4     ✔ readr     2.1.6
✔ forcats   1.0.1     ✔ stringr   1.6.0
✔ ggplot2   4.0.1     ✔ tibble    3.3.0
✔ lubridate 1.9.4     ✔ tidyr     1.3.2
✔ purrr     1.2.0     
── Conflicts ────────────────────────────────────────── tidyverse_conflicts() ──
✖ dplyr::filter() masks stats::filter()
✖ dplyr::lag()    masks stats::lag()
ℹ Use the conflicted package (<http://conflicted.r-lib.org/>) to force all conflicts to become errors
Loading required package: data.table

Attaching package: ‘data.table’

The following objects are masked from ‘package:lubridate’:

    hour, isoweek, mday, minute, month, quarter, second, wday, week,
    yday, year

The following objects are masked from ‘package:dplyr’:

    between, first, last

The following object is masked from ‘package:purrr’:

    transpose


=== Treatment Summary ===
# A tibble: 24 × 2
   state_key          online_ym
   <chr>                  <int>
 1 newjersey              24224
 2 westvirginia           24224
 3 pennsylvania           24233
 4 iowa                   24236
 5 rhodeisland            24237
 6 indiana                24238
 7 oregon                 24238
 8 newhampshire           24240
 9 colorado               24245
10 districtofcolumbia     24245
# ℹ 14 more rows

=== Loading LSC County-Month Data ===
Valid cohorts that appear in data: 24261 24267 24245 24262 24238 24273 24240 24265 24277 24233 24251 24253 24224 
# A tibble: 1 × 6
  min_date   max_date   n_months n_states n_counties n_treated_states
  <date>     <date>        <int>    <int>      <int>            <dbl>
1 2016-01-01 2025-09-01      117       32       1384             476.

=== Loading and Aggregating ETS All Sites Data ===
# A tibble: 1 × 5
  min_date   max_date   n_months n_states avg_sites_per_state
  <date>     <date>        <int>    <int>               <dbl>
1 2020-01-01 2025-11-01       71       20                493.

=== Loading and Cleaning ETS AllStates Data ===
# A tibble: 1 × 4
  min_date   max_date   n_months n_states
  <date>     <date>        <int>    <int>
1 2020-01-01 2025-11-01       71       10


========================================
ANALYSIS 1: COUNTY-MONTH PANEL (LSC)
========================================

--- Running Sun-Abraham (County-Month) ---
Error in feols(y_log1p ~ sunab(g_online, ym, ref.p = c(-1, -2)) | fips +  : 
  Evaluation of the right-hand-side of the formula raises an error: 
  In sunab(g_online, ym, ref.p = c(-1, -2)): Problem in the creation of the
  relative time periods. We expected the cohort to be the treated period,
  yet not a single 'cohort' value was found in 'period'.
Execution halted
