── Attaching core tidyverse packages ──────────────────────── tidyverse 2.0.0 ──
✔ dplyr     1.1.4     ✔ readr     2.1.6
✔ forcats   1.0.1     ✔ stringr   1.6.0
✔ ggplot2   4.0.1     ✔ tibble    3.3.0
✔ lubridate 1.9.4     ✔ tidyr     1.3.2
✔ purrr     1.2.0     
── Conflicts ────────────────────────────────────────── tidyverse_conflicts() ──
✖ dplyr::filter() masks stats::filter()
✖ dplyr::lag()    masks stats::lag()
ℹ Use the conflicted package (<http://conflicted.r-lib.org/>) to force all conflicts to become errors
Loading required package: data.table

Attaching package: ‘data.table’

The following objects are masked from ‘package:lubridate’:

    hour, isoweek, mday, minute, month, quarter, second, wday, week,
    yday, year

The following objects are masked from ‘package:dplyr’:

    between, first, last

The following object is masked from ‘package:purrr’:

    transpose


=== Treatment Summary ===
# A tibble: 24 × 2
   state_key          online_ym
   <chr>                  <int>
 1 newjersey              24224
 2 westvirginia           24224
 3 pennsylvania           24233
 4 iowa                   24236
 5 rhodeisland            24237
 6 indiana                24238
 7 oregon                 24238
 8 newhampshire           24240
 9 colorado               24245
10 districtofcolumbia     24245
# ℹ 14 more rows

=== Loading LSC County-Month Data ===

DEBUG - Checking cohort validity:
Total rows in county_raw: 116535 
Rows with has_online==TRUE: 55680 
Cohort check table:
# A tibble: 13 × 4
   state_key    online_ym cohort_in_data n_obs
   <chr>            <int> <lgl>          <int>
 1 arizona          24261 TRUE             227
 2 arkansas         24267 TRUE            5156
 3 colorado         24245 TRUE            2745
 4 connecticut      24262 TRUE             897
 5 indiana          24238 TRUE           10040
 6 kansas           24273 TRUE             110
 7 newhampshire     24240 TRUE             610
 8 newyork          24265 TRUE            4607
 9 ohio             24277 TRUE             464
10 pennsylvania     24233 TRUE            7509
11 tennessee        24251 TRUE            3522
12 virginia         24253 TRUE           13804
13 westvirginia     24224 TRUE            5989
Valid cohorts that appear in data: 24261 24267 24245 24262 24238 24273 24240 24265 24277 24233 24251 24253 24224 

DEBUG - Before assigning g_online:
# A tibble: 122 × 8
    fips state_key    has_online online_ym check1 check2 check3 all_checks
   <int> <chr>        <lgl>          <int> <lgl>  <lgl>  <lgl>  <lgl>     
 1 42079 pennsylvania TRUE           24233 FALSE  TRUE   TRUE   FALSE     
 2 42125 pennsylvania TRUE           24233 FALSE  TRUE   TRUE   FALSE     
 3 42051 pennsylvania TRUE           24233 FALSE  TRUE   TRUE   FALSE     
 4 54087 westvirginia TRUE           24224 FALSE  TRUE   TRUE   FALSE     
 5 54055 westvirginia TRUE           24224 FALSE  TRUE   TRUE   FALSE     
 6 54045 westvirginia TRUE           24224 FALSE  TRUE   TRUE   FALSE     
 7 54049 westvirginia TRUE           24224 FALSE  TRUE   TRUE   FALSE     
 8 54059 westvirginia TRUE           24224 FALSE  TRUE   TRUE   FALSE     
 9 54079 westvirginia TRUE           24224 FALSE  TRUE   TRUE   FALSE     
10 54109 westvirginia TRUE           24224 FALSE  TRUE   TRUE   FALSE     
# ℹ 112 more rows
# A tibble: 1 × 6
  min_date   max_date   n_months n_states n_counties n_treated_states
  <date>     <date>        <int>    <int>      <int>            <dbl>
1 2016-01-01 2025-09-01      117       32       1384             476.

=== Loading and Aggregating ETS All Sites Data ===
# A tibble: 1 × 5
  min_date   max_date   n_months n_states avg_sites_per_state
  <date>     <date>        <int>    <int>               <dbl>
1 2020-01-01 2025-11-01       71       20                493.

=== Loading and Cleaning ETS AllStates Data ===
# A tibble: 1 × 4
  min_date   max_date   n_months n_states
  <date>     <date>        <int>    <int>
1 2020-01-01 2025-11-01       71       10


========================================
ANALYSIS 1: COUNTY-MONTH PANEL (LSC)
========================================

--- Running Sun-Abraham (County-Month) ---

DEBUG - Data check before sunab():
Unique g_online values: 0 24224 24233 24238 24240 24245 24251 24253 24261 24262 24265 24267 24273 24277 
Number of treated units (g_online > 0): 55680 
Number of never-treated units (g_online == 0): 60855 
Sample of treated observations:
# A tibble: 10 × 5
    fips state_key    ym g_online y_log1p
   <int> <chr>     <int>    <int>   <dbl>
 1  4013 arizona   24193    24261    8.63
 2  4013 arizona   24194    24261    8.36
 3  4013 arizona   24195    24261    8.29
 4  4013 arizona   24196    24261    8.43
 5  4013 arizona   24197    24261    8.50
 6  4013 arizona   24198    24261    8.57
 7  4013 arizona   24199    24261    8.65
 8  4013 arizona   24200    24261    8.66
 9  4013 arizona   24201    24261    8.61
10  4013 arizona   24202    24261    8.61
NOTE: 4/0 fixed-effect singletons were removed (4 observations).
Warning message:
The VCOV matrix is not positive semi-definite and was 'fixed' (see ?vcov). 

Sun-Abraham Results (County-Month):
OLS estimation, Dep. Var.: y_log1p
Observations: 116,531
Weights: renter_occupied_housing_units
Fixed-effects: fips: 1,380,  ym: 117
Standard-errors: Clustered (state_key) 
         Estimate Std. Error    t value   Pr(>|t|)    
ym::-84  0.138567   0.056122   2.469032 1.9262e-02 *  
ym::-83  0.042327   0.063785   0.663581 5.1186e-01    
ym::-82  0.146480   0.075888   1.930216 6.2773e-02 .  
ym::-81  0.162305   0.066911   2.425693 2.1294e-02 *  
ym::-80  0.163586   0.059738   2.738397 1.0139e-02 *  
ym::-79  0.134168   0.052167   2.571888 1.5130e-02 *  
ym::-78  0.150096   0.059363   2.528444 1.6764e-02 *  
ym::-77  0.172246   0.053561   3.215864 3.0369e-03 ** 
ym::-76  0.213777   0.044477   4.806467 3.7376e-05 ***
ym::-75  0.128182   0.048628   2.635942 1.2988e-02 *  
ym::-74 -0.245955   0.058528  -4.202380 2.0751e-04 ***
ym::-73 -0.070439   0.057125  -1.233069 2.2682e-01    
ym::-72 -0.159183   0.059755  -2.663946 1.2143e-02 *  
ym::-71 -0.139509   0.060633  -2.300896 2.8286e-02 *  
ym::-70 -0.104684   0.066985  -1.562800 1.2825e-01    
ym::-69 -0.616792   0.046679 -13.213366 2.8211e-14 ***
ym::-68 -0.286969   0.054719  -5.244374 1.0657e-05 ***
ym::-67  0.097914   0.052817   1.853833 7.3300e-02 .  
ym::-66  0.020717   0.056570   0.366221 7.1669e-01    
ym::-65  0.063129   0.057815   1.091909 2.8329e-01    
ym::-64  0.078588   0.059144   1.328756 1.9363e-01    
ym::-63  0.082331   0.045868   1.794945 8.2419e-02 .  
ym::-62  0.062233   0.049526   1.256575 2.1829e-01    
ym::-61  0.077603   0.049674   1.562243 1.2838e-01    
ym::-60  0.372720   0.092520   4.028531 3.3743e-04 ***
ym::-59  0.412195   0.092387   4.461606 9.9825e-05 ***
ym::-58  0.309564   0.100709   3.073838 4.3820e-03 ** 
ym::-57  0.315396   0.103322   3.052570 4.6268e-03 ** 
ym::-56  0.263285   0.105739   2.489951 1.8346e-02 *  
ym::-55  0.268613   0.104105   2.580213 1.4835e-02 *  
ym::-54  0.257669   0.106361   2.422600 2.1446e-02 *  
ym::-53  0.283624   0.102727   2.760959 9.5950e-03 ** 
ym::-52  0.276345   0.102393   2.698853 1.1161e-02 *  
ym::-51  0.289795   0.103430   2.801854 8.6784e-03 ** 
ym::-50  0.285433   0.102091   2.795864 8.8073e-03 ** 
ym::-49  0.329341   0.106479   3.092999 4.1721e-03 ** 
ym::-48  0.277542   0.105272   2.636413 1.2974e-02 *  
ym::-47  0.315300   0.100107   3.149612 3.6062e-03 ** 
ym::-46  0.285657   0.103561   2.758345 9.6566e-03 ** 
ym::-45  0.216625   0.090794   2.385900 2.3330e-02 *  
ym::-44  0.211676   0.089175   2.373718 2.3988e-02 *  
ym::-43  0.181661   0.089144   2.037836 5.0177e-02 .  
ym::-42  0.215645   0.090587   2.380527 2.3619e-02 *  
ym::-41  0.191745   0.085511   2.242340 3.2233e-02 *  
ym::-40  0.186601   0.068721   2.715350 1.0724e-02 *  
ym::-39  0.184035   0.055826   3.296592 2.4589e-03 ** 
ym::-38  0.180365   0.062791   2.872442 7.2867e-03 ** 
ym::-37  0.182774   0.059583   3.067546 4.4531e-03 ** 
ym::-36  0.447137   0.057575   7.766143 9.2074e-09 ***
ym::-35  0.427387   0.058553   7.299152 3.2549e-08 ***
ym::-34  0.469445   0.056986   8.237965 2.6402e-09 ***
ym::-33  0.421105   0.057009   7.386679 2.5640e-08 ***
ym::-32  0.354129   0.057618   6.146157 8.1011e-07 ***
ym::-31  0.349001   0.057187   6.102806 9.1616e-07 ***
ym::-30  0.141397   0.060712   2.328971 2.6553e-02 *  
ym::-29  0.300349   0.045796   6.558355 2.5322e-07 ***
ym::-28  0.300457   0.050850   5.908724 1.5914e-06 ***
ym::-27  0.336864   0.047413   7.104828 5.5450e-08 ***
ym::-26  0.347359   0.047837   7.261348 3.6092e-08 ***
ym::-25  0.341219   0.052834   6.458321 3.3537e-07 ***
ym::-24  0.361632   0.045792   7.897239 6.4894e-09 ***
ym::-23  0.400942   0.044919   8.925849 4.4950e-10 ***
ym::-22  0.392773   0.037322  10.523796 9.3372e-12 ***
ym::-21 -0.866816   0.043441 -19.953773  < 2.2e-16 ***
ym::-20 -0.284306   0.054153  -5.250059 1.0485e-05 ***
ym::-19 -1.187390   0.045223 -26.256375  < 2.2e-16 ***
ym::-18 -0.025072   0.068936  -0.363706 7.1855e-01    
ym::-17  0.155944   0.043506   3.584438 1.1418e-03 ** 
ym::-16  0.157974   0.038145   4.141467 2.4616e-04 ***
ym::-15  0.287780   0.031602   9.106322 2.8539e-10 ***
ym::-14  0.334566   0.031505  10.619510 7.4818e-12 ***
ym::-13  0.319291   0.035965   8.877882 5.0756e-10 ***
ym::-12 -0.412692   0.023161 -17.818499  < 2.2e-16 ***
ym::-11 -0.118308   0.029390  -4.025447 3.4034e-04 ***
ym::-10  0.073552   0.022354   3.290310 2.4998e-03 ** 
ym::-9   0.242181   0.030978   7.817950 8.0165e-09 ***
ym::-8   0.200364   0.027108   7.391387 2.5314e-08 ***
ym::-7   0.222399   0.024886   8.936716 4.3732e-10 ***
ym::-6   0.214721   0.028856   7.441243 2.2106e-08 ***
ym::-5   0.209768   0.015095  13.896276 7.3631e-15 ***
ym::-4  -0.006733   0.023399  -0.287770 7.7544e-01    
ym::-3   0.064299   0.014403   4.464174 9.9101e-05 ***
ym::0   -0.049160   0.023290  -2.110794 4.2956e-02 *  
ym::1    0.182617   0.036034   5.067942 1.7677e-05 ***
ym::2    0.294408   0.038304   7.686173 1.1409e-08 ***
ym::3    0.272596   0.026972  10.106670 2.4859e-11 ***
ym::4    0.260477   0.035114   7.417975 2.3549e-08 ***
ym::5    0.225793   0.031552   7.156185 4.8149e-08 ***
ym::6    0.170622   0.038594   4.420966 1.1201e-04 ***
ym::7    0.117257   0.033342   3.516822 1.3698e-03 ** 
ym::8    0.169458   0.041156   4.117457 2.6327e-04 ***
ym::9    0.173566   0.042055   4.127094 2.5627e-04 ***
ym::10   0.287657   0.026637  10.799290 4.9505e-12 ***
ym::11   0.254344   0.034961   7.275057 3.4764e-08 ***
ym::12   0.132260   0.030777   4.297320 1.5886e-04 ***
ym::13   0.118892   0.043426   2.737788 1.0154e-02 *  
ym::14   0.174397   0.040920   4.261925 1.7552e-04 ***
ym::15   0.134539   0.029844   4.508023 8.7505e-05 ***
ym::16   0.362597   0.019067  19.017451  < 2.2e-16 ***
ym::17   0.314272   0.039093   8.039088 4.4549e-09 ***
ym::18   0.315721   0.048500   6.509721 2.9025e-07 ***
ym::19   0.345955   0.053682   6.444512 3.4866e-07 ***
ym::20   0.342609   0.056332   6.082008 9.7190e-07 ***
ym::21   0.380927   0.059301   6.423597 3.6980e-07 ***
ym::22   0.424356   0.079598   5.331215 8.3073e-06 ***
ym::23   0.362534   0.077527   4.676239 5.4213e-05 ***
ym::24   0.319059   0.080038   3.986361 3.7942e-04 ***
ym::25   0.291226   0.057355   5.077611 1.7194e-05 ***
ym::26   0.367580   0.052245   7.035695 6.7086e-08 ***
ym::27   0.320500   0.059190   5.414812 6.5364e-06 ***
ym::28   0.319034   0.032973   9.675744 7.0001e-11 ***
ym::29   0.218147   0.065645   3.323149 2.2930e-03 ** 
ym::30   0.287850   0.064509   4.462186 9.9661e-05 ***
ym::31   0.304345   0.063475   4.794695 3.8655e-05 ***
ym::32   0.302988   0.072451   4.181957 2.1975e-04 ***
ym::33   0.300078   0.085397   3.513927 1.3805e-03 ** 
ym::34   0.332714   0.086338   3.853639 5.4775e-04 ***
ym::35   0.314670   0.090894   3.461935 1.5867e-03 ** 
ym::36   0.305971   0.090663   3.374823 2.0004e-03 ** 
ym::37   0.264270   0.089341   2.957994 5.8811e-03 ** 
ym::38   0.315710   0.087683   3.600595 1.0931e-03 ** 
ym::39   0.359525   0.088843   4.046748 3.2074e-04 ***
ym::40   0.290801   0.075358   3.858946 5.3980e-04 ***
ym::41   0.282264   0.082333   3.428330 1.7354e-03 ** 
ym::42   0.166610   0.080055   2.081195 4.5767e-02 *  
ym::43   0.187605   0.086826   2.160700 3.8562e-02 *  
ym::44   0.061147   0.094777   0.645173 5.2356e-01    
ym::45   0.033695   0.089452   0.376683 7.0898e-01    
ym::46  -0.000336   0.084270  -0.003992 9.9684e-01    
ym::47  -0.043249   0.094787  -0.456275 6.5137e-01    
ym::48   0.000980   0.093757   0.010456 9.9172e-01    
ym::49   0.149041   0.110485   1.348977 1.8712e-01    
ym::50   0.186263   0.116623   1.597133 1.2038e-01    
ym::51   0.211166   0.113549   1.859696 7.2442e-02 .  
ym::52   0.145791   0.106816   1.364890 1.8211e-01    
ym::53   0.130893   0.107652   1.215895 2.3320e-01    
ym::54   0.217780   0.118535   1.837272 7.5773e-02 .  
ym::55   0.247578   0.103836   2.384315 2.3415e-02 *  
ym::56   0.189421   0.121398   1.560325 1.2884e-01    
ym::57  -0.105139   0.081806  -1.285219 2.0824e-01    
ym::58  -0.164740   0.073857  -2.230529 3.3087e-02 *  
ym::59  -0.069929   0.064558  -1.083190 2.8708e-01    
ym::60   0.024897   0.039881   0.624271 5.3702e-01    
ym::61  -0.083444   0.070798  -1.178617 2.4752e-01    
ym::62  -0.075417   0.067411  -1.118764 2.7184e-01    
ym::63  -0.105002   0.072003  -1.458301 1.5482e-01    
ym::64  -0.083765   0.077511  -1.080686 2.8817e-01    
ym::65  -0.062857   0.072110  -0.871690 3.9008e-01    
ym::66  -0.073433   0.069826  -1.051660 3.0108e-01    
ym::67  -0.064762   0.075760  -0.854835 3.9920e-01    
ym::68  -0.086254   0.076608  -1.125911 2.6884e-01    
ym::69  -0.087330   0.069022  -1.265250 2.1521e-01    
ym::70  -0.105400   0.077868  -1.353578 1.8566e-01    
ym::71  -0.109737   0.071845  -1.527408 1.3680e-01    
ym::72  -0.106239   0.086857  -1.223154 2.3049e-01    
ym::73  -0.126807   0.087568  -1.448103 1.5763e-01    
ym::74  -0.127267   0.081738  -1.556999 1.2962e-01    
ym::75  -0.225898   0.084300  -2.679702 1.1691e-02 *  
ym::76  -0.216614   0.094940  -2.281590 2.9536e-02 *  
ym::77  -0.329646   0.078144  -4.218436 1.9836e-04 ***
ym::78  -0.319480   0.078610  -4.064119 3.0557e-04 ***
ym::79  -0.226759   0.080862  -2.804280 8.6267e-03 ** 
ym::80  -0.057643   0.076341  -0.755075 4.5590e-01    
ym::81  -0.189570   0.085198  -2.225052 3.3490e-02 *  
ym::82  -0.235305   0.082283  -2.859706 7.5212e-03 ** 
ym::83  -0.255627   0.079911  -3.198895 3.1739e-03 ** 
ym::84  -0.215083   0.082549  -2.605501 1.3969e-02 *  
ym::85  -0.350060   0.096170  -3.639992 9.8243e-04 ***
---
Signif. codes:  0 '***' 0.001 '**' 0.01 '*' 0.05 '.' 0.1 ' ' 1
RMSE: 0.331485     Adj. R2: 0.971081
                 Within R2: 0.483854
null device 
          1 
Plot saved to: SA_county_month.jpeg

--- Running Callaway-Sant'Anna (County-Month) ---
Error in .checkTypos(e, names_x) : argument of length 0
Calls: <Anonymous> ... <Anonymous> -> .checkTypos -> stopf -> raise_condition -> signal
In addition: Warning messages:
1: In `[.data.table`(data, get(args$gname) == 0, `:=`((args$gname),  :
  inf (type 'double') at RHS position 1 out-of-range(NA) or truncated (precision lost) when assigning to type 'integer' (column 3 named 'g_online')
2: In did_standarization(data, args) :
  Dropped 782 observations that had missing data.
3: In did_standarization(data, args) :
  465 units are missing in some periods. Converting to balanced panel by dropping them.
4: In did_standarization(data, args) :
  Be aware that there are some small groups in your dataset.
  Check groups: c(24261, 24262, 24273, 24277).
Execution halted
