── Attaching core tidyverse packages ──────────────────────── tidyverse 2.0.0 ──
✔ dplyr     1.1.4     ✔ readr     2.1.6
✔ forcats   1.0.1     ✔ stringr   1.6.0
✔ ggplot2   4.0.1     ✔ tibble    3.3.0
✔ lubridate 1.9.4     ✔ tidyr     1.3.2
✔ purrr     1.2.0     
── Conflicts ────────────────────────────────────────── tidyverse_conflicts() ──
✖ dplyr::filter() masks stats::filter()
✖ dplyr::lag()    masks stats::lag()
ℹ Use the conflicted package (<http://conflicted.r-lib.org/>) to force all conflicts to become errors
# A tibble: 1 × 3
  min        max        n_months
  <date>     <date>        <int>
1 2016-01-01 2025-09-01      117
# A tibble: 1 × 3
  min        max        n_months
  <date>     <date>        <int>
1 2020-01-01 2025-11-01       71
# A tibble: 1 × 3
  min        max        n_months
  <date>     <date>        <int>
1 2020-01-01 2025-11-01       71
Warning message:
The VCOV matrix is not positive semi-definite and was 'fixed' (see ?vcov). 
Warning message:
In title(main = main) :
  for 'Sun–Abraham (ETS/LSC all_sites aggregated)' in 'mbcsToSbcs': - substituted for – (U+2013)
Warning message:
The VCOV matrix is not positive semi-definite and was 'fixed' (see ?vcov). 
Warning message:
In title(main = main) :
  for 'Sun–Abraham (ETS/LSC allstates aggregated)' in 'mbcsToSbcs': - substituted for – (U+2013)
