=== PRELUDE === 
SCRIPT_PATH: /Users/bb1806/Documents/GitHub/Gambling-and-Eviction 
R_VERSION  : R version 4.5.2 (2025-10-31) 
DATA_FILE  : combined_monthly_panel.csv 
TREAT_FILE : state_month_panel_with_treatment.csv 
OUT_DIR    : cs_power_out 
OUTCOME    : log1p_filings_count  RATE_EPS=0.01 
N_SIMS     : 2000  BATCH_SIZE=50 
EFFECT_PCTS: 0, 0.05, 0.1, 0.15, 0.2 
ALPHA      : 0.05  SEED=123 
N_WORKERS  : 20 (SLURM_CPUS_PER_TASK=) 
DID        : control_group=nevertreated est_method=ipw faster_mode=FALSE bstrap=TRUE biters=199 
ERR_MODE   : iid_month (ERR_AR1_RHO=estimate, clip=0.98) 
TEST_MODE  : FALSE  DRY_RUN=FALSE 
=== END PRELUDE === 
Panel: states=38 (switchers=23, never=15); months=167; rows=3721 
Untreated observations (never + pre): 2513 / 3721 
Fitting unit+time FE on untreated observations... 
WARNING: 50 observations have non-finite yhat; dropping them from simulation. 
Parallel: requested_workers=20; using_workers=20 
=== Effect 0 (log=0) === 
